
[1m[46m RUN [49m[22m [36mv4.0.18 [39m[90mC:/git/mldsa_playground/mldsa_playground[39m

 [32mΓ£ô[39m src/services/__tests__/mldsa.test.ts[2m > [22mmldsa service[2m > [22mshould generate valid keypairs for all variants[32m 24[2mms[22m[39m
 [32mΓ£ô[39m src/services/__tests__/mldsa.test.ts[2m > [22mmldsa service[2m > [22mshould sign and verify string messages[32m 20[2mms[22m[39m
 [32mΓ£ô[39m src/services/__tests__/mldsa.test.ts[2m > [22mmldsa service[2m > [22mshould sign and verify binary messages (Uint8Array)[32m 15[2mms[22m[39m
 [32mΓ£ô[39m src/services/__tests__/mldsa.test.ts[2m > [22mmldsa service[2m > [22mshould fail verification with wrong message[32m 19[2mms[22m[39m
 [31m├ù[39m src/services/__tests__/mldsa.test.ts[2m > [22mmldsa service[2m > [22mshould support HashML-DSA mode[32m 5[2mms[22m[39m
[31m   ΓåÆ Pre-hash security strength too low: 128, required: 192[39m
 [31m├ù[39m src/services/__tests__/mldsa.test.ts[2m > [22mmldsa service[2m > [22mshould support context strings[32m 9[2mms[22m[39m
[31m   ΓåÆ expected true to be false // Object.is equality[39m
node.exe : 
At line:1 char:1
+ & "C:\Program 
Files\nodejs/node.exe" 
"C:\Program 
Files\nodejs/node_mo ...
+ ~~~~~~~~~~~~~~~~~~~~~~~~~
~~~~~~~~~~~~~~~~~~~~~~~~~~~
~~~~~~~~~~~~~~~~~
    + CategoryInfo         
     : NotSpecified: (:St  
  ring) [], RemoteExcept   
 ion
    + FullyQualifiedErrorI 
   d : NativeCommandError
 
[31mΓÄ»ΓÄ»ΓÄ»ΓÄ»ΓÄ»ΓÄ»ΓÄ»
[39m[1m[41m Failed Tests 
2 [49m[22m[31mΓÄ»ΓÄ»ΓÄ»Γ
Ä»ΓÄ»ΓÄ»ΓÄ»[39m

[41m[1m FAIL [22m[49m s
rc/services/__tests__/mldsa
.test.ts[2m > [22mmldsa 
service[2m > [22mshould 
support HashML-DSA mode
[31m[1mError[22m: 
Pre-hash security strength 
too low: 128, required: 
192[39m
[90m [2mΓ¥»[22m 
checkHash node_modules/@nob
le/post-quantum/utils.js:[
2m124:15[22m[39m
[90m [2mΓ¥»[22m 
Object.prehash node_modules
/@noble/post-quantum/ml-dsa
.js:[2m534:13[22m[39m
[36m [2mΓ¥»[22m 
signMessage src/services/ml
dsa.ts:[2m233:44[22m[39m
    [90m231| [39m  }
    [90m232| [39m  
[35mconst[39m hashFn 
[33m=[39m [33mHASH_FNS[
39m[opts[33m.[39mhashAlg
[33m![39m][33m;[39m
    [90m233| [39m  
return 
uint8ArrayToHex((instance 
as any).prehash(hashFn).sig
n(msg, sΓÇª
    [90m   | [39m        
                           
        [31m^[39m
    [90m234| 
[39m}[33m;[39m
    [90m235| [39m
[90m [2mΓ¥»[22m src/serv
ices/__tests__/mldsa.test.t
s:[2m56:27[22m[39m

[31m[2mΓÄ»ΓÄ»ΓÄ»ΓÄ»ΓÄ»ΓÄ»
ΓÄ»ΓÄ»ΓÄ»ΓÄ»ΓÄ»ΓÄ»ΓÄ»ΓÄ»ΓÄ»
ΓÄ»ΓÄ»ΓÄ»ΓÄ»ΓÄ»ΓÄ»ΓÄ»ΓÄ»ΓÄ»
[1/2]ΓÄ»[22m[39m

[41m[1m FAIL [22m[49m s
rc/services/__tests__/mldsa
.test.ts[2m > [22mmldsa 
service[2m > [22mshould 
support context strings
[31m[1mAssertionError[22
m: expected true to be 
false // Object.is 
equality[39m

[32m- Expected[39m
[31m+ Received[39m

[32m- false[39m
[31m+ true[39m

[36m [2mΓ¥»[22m src/serv
ices/__tests__/mldsa.test.t
s:[2m77:37[22m[39m
    [90m 75| [39m        
[90m// Invalid with 
different context[39m
    [90m 76| [39m        
const invalidResult = 
await 
inspectSignature(variant, 
keys.pubΓÇª
    [90m 77| [39m        
[34mexpect[39m(invalidRes
ult[33m.[39mvalid)[33m.
[39m[34mtoBe[39m([35mfal
se[39m)[33m;[39m
    [90m   | [39m        
                           
 [31m^[39m
    [90m 78| [39m    
})[33m;[39m
    [90m 79| 
[39m})[33m;[39m

[31m[2mΓÄ»ΓÄ»ΓÄ»ΓÄ»ΓÄ»ΓÄ»
ΓÄ»ΓÄ»ΓÄ»ΓÄ»ΓÄ»ΓÄ»ΓÄ»ΓÄ»ΓÄ»
ΓÄ»ΓÄ»ΓÄ»ΓÄ»ΓÄ»ΓÄ»ΓÄ»ΓÄ»ΓÄ»
[2/2]ΓÄ»[22m[39m


[2m Test Files [22m [1m[31m1 failed[39m[22m[90m (1)[39m
[2m      Tests [22m [1m[31m2 failed[39m[22m[2m | [22m[1m[32m4 passed[39m[22m[90m (6)[39m
[2m   Start at [22m 23:11:52
[2m   Duration [22m 328ms[2m (transform 46ms, setup 0ms, import 73ms, tests 94ms, environment 0ms)[22m

